c:\users\tahla\source\repos\project1\project1\x64\release\vc141.pdb
c:\users\tahla\source\repos\project1\project1\x64\release\imgui_widgets.obj
c:\users\tahla\source\repos\project1\project1\x64\release\imgui_tables.obj
c:\users\tahla\source\repos\project1\project1\x64\release\imgui_impl_opengl3.obj
c:\users\tahla\source\repos\project1\project1\x64\release\imgui_impl_glfw.obj
c:\users\tahla\source\repos\project1\project1\x64\release\imgui_draw.obj
c:\users\tahla\source\repos\project1\project1\x64\release\imgui_demo.obj
c:\users\tahla\source\repos\project1\project1\x64\release\imgui.obj
c:\users\tahla\source\repos\project1\project1\x64\release\cs2_bhop.obj
c:\users\tahla\source\repos\project1\build\dll.pdb
c:\users\tahla\source\repos\project1\project1\x64\release\dll.tlog\cl.command.1.tlog
c:\users\tahla\source\repos\project1\project1\x64\release\dll.tlog\cl.read.1.tlog
c:\users\tahla\source\repos\project1\project1\x64\release\dll.tlog\cl.write.1.tlog
c:\users\tahla\source\repos\project1\project1\x64\release\dll.tlog\link-cvtres.read.1.tlog
c:\users\tahla\source\repos\project1\project1\x64\release\dll.tlog\link-cvtres.write.1.tlog
c:\users\tahla\source\repos\project1\project1\x64\release\dll.tlog\link-rc.read.1.tlog
c:\users\tahla\source\repos\project1\project1\x64\release\dll.tlog\link-rc.write.1.tlog
c:\users\tahla\source\repos\project1\project1\x64\release\dll.tlog\link.command.1.tlog
c:\users\tahla\source\repos\project1\project1\x64\release\dll.tlog\link.read.1.tlog
c:\users\tahla\source\repos\project1\project1\x64\release\dll.tlog\link.write.1.tlog
